*%(basename)s:7: SyntaxError: Unexpected token const
const = 42;
^^^^^

SyntaxError: Unexpected token const
