*%(basename)s:7: SyntaxError: Unexpected token const
const x = 42;
^^^^^

SyntaxError: Unexpected token const
