*%(basename)s:7: SyntaxError: Unexpected token const
const
^^^^^

SyntaxError: Unexpected token const
